SQL> ALTER SESSION SET CONTAINER=FREEPDB1;

Session altered.

SQL> 
SQL> PROMPT === 1. Truy van thong tin tablespace va datafile hien co (co TS_SUCO cua du an)
=== 1. Truy van thong tin tablespace va datafile hien co (co TS_SUCO cua du an)
SQL> SELECT tablespace_name, status, contents, extent_management, segment_space_management FROM dba_tablespaces ORDER BY 1;

TABLESPACE_NAME  STATUS    CONTENTS              EXTENT_MAN SEGMEN
---------------- --------- --------------------- ---------- ------
DATA02           ONLINE    PERMANENT             LOCAL      AUTO
INDEX01          ONLINE    PERMANENT             LOCAL      AUTO
SYSAUX           ONLINE    PERMANENT             LOCAL      AUTO
SYSTEM           ONLINE    PERMANENT             LOCAL      MANUAL
TEMP             ONLINE    TEMPORARY             LOCAL      MANUAL
TS_SUCO          ONLINE    PERMANENT             LOCAL      AUTO
UNDOTBS1         ONLINE    UNDO                  LOCAL      MANUAL
USERS            ONLINE    PERMANENT             LOCAL      AUTO

8 rows selected.

SQL> SELECT file_name, tablespace_name, ROUND(bytes/1024/1024) AS MB, autoextensible, ROUND(increment_by*8192/1024/1024) AS NEXT_MB, ROUND(maxbytes/1024/1024) AS MAX_MB FROM dba_data_files ORDER BY tablespace_name;

FILE_NAME                                     TABLESPACE_NAME          MB AUT    NEXT_MB     MAX_MB
--------------------------------------------- ---------------- ---------- --- ---------- ----------
C:\ORADATA\DATA02.DBF                         DATA02                   15 NO           0          0
C:\APP\GREYD\PRODUCT\26AI\DBHOMEFREE\ORADATA\ INDEX01                  10 YES          0         50
INDEX01.DBF

C:\APP\GREYD\PRODUCT\26AI\ORADATA\FREE\FREEPD SYSAUX                  930 YES         10   33554432
B1\SYSAUX01.DBF

C:\APP\GREYD\PRODUCT\26AI\ORADATA\FREE\FREEPD SYSTEM                  320 YES         10   33554432
B1\SYSTEM01.DBF

C:\APP\GREYD\PRODUCT\26AI\ORADATA\FREE\FREEPD TS_SUCO                 100 YES         10        500
B1\TS_SUCO01.DBF

C:\APP\GREYD\PRODUCT\26AI\ORADATA\FREE\FREEPD UNDOTBS1                100 YES          5   33554432
B1\UNDOTBS01.DBF

C:\APP\GREYD\PRODUCT\26AI\ORADATA\FREE\FREEPD USERS                    73 YES          1   33554432
B1\USERS01.DBF


7 rows selected.

SQL> SELECT tablespace_name, ROUND(SUM(bytes)/1024/1024,1) AS FREE_MB FROM dba_free_space GROUP BY tablespace_name ORDER BY 1;

TABLESPACE_NAME     FREE_MB
---------------- ----------
DATA02                   14
INDEX01                   9
SYSAUX                 48.6
SYSTEM                  3.9
TS_SUCO                92.8
UNDOTBS1               82.8
USERS                  63.2

7 rows selected.

SQL> 
SQL> PROMPT === 2. THEM tablespace TS_DEMO (datafile 20M, tu mo rong)
=== 2. THEM tablespace TS_DEMO (datafile 20M, tu mo rong)
SQL> CREATE SMALLFILE TABLESPACE TS_DEMO DATAFILE 'C:\ORADATA\ts_demo01.dbf' SIZE 20M AUTOEXTEND ON NEXT 5M MAXSIZE 100M;

Tablespace created.

SQL> SELECT file_name, ROUND(bytes/1024/1024) AS MB, autoextensible FROM dba_data_files WHERE tablespace_name='TS_DEMO';

FILE_NAME                                             MB AUT
--------------------------------------------- ---------- ---
C:\ORADATA\TS_DEMO01.DBF                              20 YES

1 row selected.

SQL> 
SQL> PROMPT === 3. SUA: them datafile thu hai
=== 3. SUA: them datafile thu hai
SQL> ALTER TABLESPACE TS_DEMO ADD DATAFILE 'C:\ORADATA\ts_demo02.dbf' SIZE 10M;

Tablespace altered.

SQL> 
SQL> PROMPT === 4. SUA: doi kich thuoc datafile (RESIZE 20M -> 30M)
=== 4. SUA: doi kich thuoc datafile (RESIZE 20M -> 30M)
SQL> ALTER DATABASE DATAFILE 'C:\ORADATA\ts_demo01.dbf' RESIZE 30M;

Database altered.

SQL> 
SQL> PROMPT === 5. BAT / TAT tu dong mo rong (AUTOEXTEND) cua 1 datafile
=== 5. BAT / TAT tu dong mo rong (AUTOEXTEND) cua 1 datafile
SQL> ALTER DATABASE DATAFILE 'C:\ORADATA\ts_demo02.dbf' AUTOEXTEND ON NEXT 5M MAXSIZE 100M;

Database altered.

SQL> SELECT file_name, autoextensible, ROUND(maxbytes/1024/1024) AS MAX_MB FROM dba_data_files WHERE tablespace_name='TS_DEMO' ORDER BY 1;

FILE_NAME                                     AUT     MAX_MB
--------------------------------------------- --- ----------
C:\ORADATA\TS_DEMO01.DBF                      YES        100
C:\ORADATA\TS_DEMO02.DBF                      YES        100

2 rows selected.

SQL> ALTER DATABASE DATAFILE 'C:\ORADATA\ts_demo02.dbf' AUTOEXTEND OFF;

Database altered.

SQL> SELECT file_name, autoextensible FROM dba_data_files WHERE tablespace_name='TS_DEMO' ORDER BY 1;

FILE_NAME                                     AUT
--------------------------------------------- ---
C:\ORADATA\TS_DEMO01.DBF                      YES
C:\ORADATA\TS_DEMO02.DBF                      NO

2 rows selected.

SQL> 
SQL> PROMPT === 6. SUA: doi ten tablespace TS_DEMO -> TS_DEMO_MOI
=== 6. SUA: doi ten tablespace TS_DEMO -> TS_DEMO_MOI
SQL> ALTER TABLESPACE TS_DEMO RENAME TO TS_DEMO_MOI;

Tablespace altered.

SQL> SELECT tablespace_name, status FROM dba_tablespaces WHERE tablespace_name LIKE 'TS_DEMO%';

TABLESPACE_NAME  STATUS
---------------- ---------
TS_DEMO_MOI      ONLINE

1 row selected.

SQL> 
SQL> PROMPT === 7. Tao bang co du lieu trong tablespace de chung minh du lieu con nguyen sau khi di chuyen
=== 7. Tao bang co du lieu trong tablespace de chung minh du lieu con nguyen sau khi di chuyen
SQL> CREATE TABLE SYSTEM.DEMO_TS (ID NUMBER, GHI_CHU VARCHAR2(50)) TABLESPACE TS_DEMO_MOI;

Table created.

SQL> INSERT INTO SYSTEM.DEMO_TS VALUES (1, 'du lieu truoc khi di chuyen datafile');

1 row created.

SQL> COMMIT;

Commit complete.

SQL> 
SQL> PROMPT === 8a. Thu DI CHUYEN datafile ONLINE (ALTER DATABASE MOVE DATAFILE) - ban Free khong ho tro, phai loi ORA-00439
=== 8a. Thu DI CHUYEN datafile ONLINE (ALTER DATABASE MOVE DATAFILE) - ban Free khong ho tro, phai loi ORA-00439
SQL> ALTER DATABASE MOVE DATAFILE 'C:\ORADATA\ts_demo02.dbf' TO 'C:\ORADATA\demo_move\ts_demo02.dbf';
ALTER DATABASE MOVE DATAFILE 'C:\ORADATA\ts_demo02.dbf' TO 'C:\ORADATA\demo_move\ts_demo02.dbf'
*
ERROR at line 1:
ORA-00439: feature not enabled: online move datafile
Help: https://docs.oracle.com/error-help/db/ora-00439/


SQL> 
SQL> PROMPT === 8b. DI CHUYEN datafile theo cach OFFLINE: offline tablespace -> copy file bang HDH -> RENAME DATAFILE -> online
=== 8b. DI CHUYEN datafile theo cach OFFLINE: offline tablespace -> copy file bang HDH -> RENAME DATAFILE -> online
SQL> ALTER TABLESPACE TS_DEMO_MOI OFFLINE NORMAL;

Tablespace altered.

SQL> HOST copy C:\ORADATA\ts_demo02.dbf C:\ORADATA\demo_move\ts_demo02.dbf

SQL> ALTER TABLESPACE TS_DEMO_MOI RENAME DATAFILE 'C:\ORADATA\ts_demo02.dbf' TO 'C:\ORADATA\demo_move\ts_demo02.dbf';

Tablespace altered.

SQL> ALTER TABLESPACE TS_DEMO_MOI ONLINE;

Tablespace altered.

SQL> HOST del C:\ORADATA\ts_demo02.dbf

SQL> SELECT file_name, tablespace_name FROM dba_data_files WHERE tablespace_name='TS_DEMO_MOI' ORDER BY 1;

FILE_NAME                                     TABLESPACE_NAME
--------------------------------------------- ----------------
C:\ORADATA\DEMO_MOVE\TS_DEMO02.DBF            TS_DEMO_MOI
C:\ORADATA\TS_DEMO01.DBF                      TS_DEMO_MOI

2 rows selected.

SQL> SELECT * FROM SYSTEM.DEMO_TS;

        ID GHI_CHU
---------- --------------------------------------------------
         1 du lieu truoc khi di chuyen datafile

1 row selected.

SQL> 
SQL> PROMPT === 9. OFFLINE / ONLINE tablespace
=== 9. OFFLINE / ONLINE tablespace
SQL> ALTER TABLESPACE TS_DEMO_MOI OFFLINE NORMAL;

Tablespace altered.

SQL> SELECT tablespace_name, status FROM dba_tablespaces WHERE tablespace_name='TS_DEMO_MOI';

TABLESPACE_NAME  STATUS
---------------- ---------
TS_DEMO_MOI      OFFLINE

1 row selected.

SQL> SELECT * FROM SYSTEM.DEMO_TS;
SELECT * FROM SYSTEM.DEMO_TS
*
ERROR at line 1:
ORA-00376: file 22 cannot be read at this time
ORA-01110: data file 22: 'C:\ORADATA\TS_DEMO01.DBF'
Help: https://docs.oracle.com/error-help/db/ora-00376/


SQL> ALTER TABLESPACE TS_DEMO_MOI ONLINE;

Tablespace altered.

SQL> SELECT tablespace_name, status FROM dba_tablespaces WHERE tablespace_name='TS_DEMO_MOI';

TABLESPACE_NAME  STATUS
---------------- ---------
TS_DEMO_MOI      ONLINE

1 row selected.

SQL> 
SQL> PROMPT === 10. READ ONLY / READ WRITE tablespace
=== 10. READ ONLY / READ WRITE tablespace
SQL> ALTER TABLESPACE TS_DEMO_MOI READ ONLY;

Tablespace altered.

SQL> INSERT INTO SYSTEM.DEMO_TS VALUES (2, 'ghi khi READ ONLY (phai loi)');
INSERT INTO SYSTEM.DEMO_TS VALUES (2, 'ghi khi READ ONLY (phai loi)')
                   *
ERROR at line 1:
ORA-00372: file 22 cannot be modified at this time
ORA-01110: data file 22: 'C:\ORADATA\TS_DEMO01.DBF'
Help: https://docs.oracle.com/error-help/db/ora-00372/


SQL> ALTER TABLESPACE TS_DEMO_MOI READ WRITE;

Tablespace altered.

SQL> INSERT INTO SYSTEM.DEMO_TS VALUES (2, 'ghi khi READ WRITE');

1 row created.

SQL> COMMIT;

Commit complete.

SQL> SELECT * FROM SYSTEM.DEMO_TS ORDER BY ID;

        ID GHI_CHU
---------- --------------------------------------------------
         1 du lieu truoc khi di chuyen datafile
         2 ghi khi READ WRITE

2 rows selected.

SQL> 
SQL> PROMPT === 11. Truy van thong tin sau cac thay doi (dba_data_files, v$datafile, dba_free_space, dba_segments)
=== 11. Truy van thong tin sau cac thay doi (dba_data_files, v$datafile, dba_free_space, dba_segments)
SQL> SELECT file_name, ROUND(bytes/1024/1024) AS MB, autoextensible FROM dba_data_files WHERE tablespace_name='TS_DEMO_MOI' ORDER BY 1;

FILE_NAME                                             MB AUT
--------------------------------------------- ---------- ---
C:\ORADATA\DEMO_MOVE\TS_DEMO02.DBF                    10 NO
C:\ORADATA\TS_DEMO01.DBF                              30 YES

2 rows selected.

SQL> SELECT name, status, enabled FROM v$datafile WHERE name LIKE 'C:\ORADATA%' ORDER BY 1;

NAME                                          STATUS  ENABLED
--------------------------------------------- ------- ----------
C:\ORADATA\DATA02.DBF                         ONLINE  READ WRITE
C:\ORADATA\DEMO_MOVE\TS_DEMO02.DBF            ONLINE  READ WRITE
C:\ORADATA\TS_DEMO01.DBF                      ONLINE  READ WRITE

3 rows selected.

SQL> SELECT tablespace_name, ROUND(SUM(bytes)/1024/1024,1) AS FREE_MB FROM dba_free_space WHERE tablespace_name='TS_DEMO_MOI' GROUP BY tablespace_name;

TABLESPACE_NAME     FREE_MB
---------------- ----------
TS_DEMO_MOI            37.9

1 row selected.

SQL> SELECT owner, segment_name, segment_type, tablespace_name FROM dba_segments WHERE tablespace_name='TS_DEMO_MOI';

OWNER
--------------------------------------------------------------------------------------------------------------------------------
SEGMENT_NAME                                                                                                                     SEGMENT_TYPE       TABLESPACE_NAME
-------------------------------------------------------------------------------------------------------------------------------- ------------------ ----------------
SYSTEM
DEMO_TS                                                                                                                          TABLE              TS_DEMO_MOI


1 row selected.

SQL> 
SQL> PROMPT === 12. XOA tablespace cung noi dung va file tren dia
=== 12. XOA tablespace cung noi dung va file tren dia
SQL> DROP TABLE SYSTEM.DEMO_TS PURGE;

Table dropped.

SQL> DROP TABLESPACE TS_DEMO_MOI INCLUDING CONTENTS AND DATAFILES;

Tablespace dropped.

SQL> SELECT COUNT(*) AS TS_DEMO_CON_LAI FROM dba_tablespaces WHERE tablespace_name LIKE 'TS_DEMO%';

TS_DEMO_CON_LAI
---------------
              0

1 row selected.

SQL> SELECT tablespace_name, status FROM dba_tablespaces WHERE tablespace_name='TS_SUCO';

TABLESPACE_NAME  STATUS
---------------- ---------
TS_SUCO          ONLINE

1 row selected.

SQL> SPOOL OFF
