SQL> ALTER SESSION SET CONTAINER=FREEPDB1;

Session altered.

SQL> CREATE OR REPLACE DIRECTORY DP_DIR AS 'C:\ORADATA\dpdump';

Directory created.

SQL> GRANT READ, WRITE ON DIRECTORY DP_DIR TO SUCO_APP;

Grant succeeded.

SQL> SELECT directory_name, directory_path FROM dba_directories WHERE directory_name='DP_DIR';

DIRECTORY_NAME
--------------------------------------------------------------------------------------------------------------------------------
DIRECTORY_PATH
--------------------------------------------------------------------------------------------------------------------------------------------------------------------------------------------------------
DP_DIR
C:\ORADATA\dpdump


1 row selected.

SQL> SELECT grantee, privilege FROM dba_tab_privs WHERE table_name='DP_DIR';

GRANTEE                                                                                                                          PRIVILEGE
-------------------------------------------------------------------------------------------------------------------------------- ----------------------------------------
SUCO_APP                                                                                                                         READ
SUCO_APP                                                                                                                         WRITE

2 rows selected.

SQL> SPOOL OFF
