impdp.exe : 
At line:15 char:1
+ & impdp 'SYSTEM/123@localhost:1521/FREEPDB1' directory=DP_DIR dumpfil ...
+ ~~~~~~~~~~~~~~~~~~~~~~~~~~~~~~~~~~~~~~~~~~~~~~~~~~~~~~~~~~~~~~~~~~~~~
    + CategoryInfo          : NotSpecified: (:String) [], RemoteException
    + FullyQualifiedErrorId : NativeCommandError
 
Import: Release 23.26.3.0.0 - Production on Sat Sep 26 00:32:17 2026
Version 23.26.3.0.0

Copyright (c) 1982, 2026, Oracle and/or its affiliates.  All rights reserved.

Connected to: Oracle AI Database 26ai Free Release 23.26.3.0.0 - Develop, Learn, and Run for Free
Master table "SYSTEM"."SYS_IMPORT_FULL_01" successfully loaded/unloaded
Starting "SYSTEM"."SYS_IMPORT_FULL_01":  SYSTEM/********@localhost:1521/FREEPDB1 directory=DP_DIR 
dumpfile=suco_app.dmp logfile=imp_suco_app2.log remap_schema=SUCO_APP:SUCO_APP2 remap_tablespace=TS_SUCO:USERS 
Processing object type SCHEMA_EXPORT/PRE_SCHEMA/PROCACT_SCHEMA/LOGREP
Processing object type SCHEMA_EXPORT/TABLE/TABLE
Processing object type SCHEMA_EXPORT/TABLE/TABLE_DATA
. . imported "SUCO_APP2"."BAI_KINH_NGHIEM"                11.3 KB       9 rows
. . imported "SUCO_APP2"."DANH_MUC_SU_CO"                  6.6 KB       8 rows
. . imported "SUCO_APP2"."LICH_SU_XU_LY"                   8.8 KB      13 rows
. . imported "SUCO_APP2"."NGUOI_DUNG"                      8.7 KB      10 rows
. . imported "SUCO_APP2"."PHONG"                           7.4 KB      10 rows
. . imported "SUCO_APP2"."SU_CO"                          14.1 KB      15 rows
. . imported "SUCO_APP2"."THIET_BI"                        7.6 KB      12 rows
Processing object type SCHEMA_EXPORT/TABLE/GRANT/OWNER_GRANT/OBJECT_GRANT
Processing object type SCHEMA_EXPORT/TABLE/IDENTITY_COLUMN
Processing object type SCHEMA_EXPORT/VIEW/VIEW
Processing object type SCHEMA_EXPORT/VIEW/GRANT/OWNER_GRANT/OBJECT_GRANT
Processing object type SCHEMA_EXPORT/TABLE/INDEX/INDEX
Processing object type SCHEMA_EXPORT/TABLE/CONSTRAINT/CONSTRAINT
Processing object type SCHEMA_EXPORT/TABLE/INDEX/STATISTICS/INDEX_STATISTICS
Processing object type SCHEMA_EXPORT/TABLE/CONSTRAINT/REF_CONSTRAINT
Processing object type SCHEMA_EXPORT/TABLE/TRIGGER
Processing object type SCHEMA_EXPORT/TABLE/STATISTICS/TABLE_STATISTICS
Job "SYSTEM"."SYS_IMPORT_FULL_01" successfully completed at Sat Sep 26 00:32:54 2026 elapsed 0 00:00:35

